yarn run v1.22.22
$ jest
info Visit https://yarnpkg.com/en/docs/cli/run for documentation about this command.
